// 重构日志: b2fefd1e
// 重构日志: 66f95277
// 同步 ID: 82f5fd7a @ Wed Jul 15 14:52:06 UTC 2026
// 同步 ID: 1194b6d0 @ Thu Jul 16 14:38:23 UTC 2026
// 重构日志: 69bf58d1
// 同步 ID: c9e37c3c @ Sat Jul 18 00:07:18 UTC 2026
// 同步 ID: aa573815 @ Sun Jul 19 13:06:02 UTC 2026
// 重构日志: 624d3717
// 重构日志: 0d9882b2
// 同步 ID: b033ea17 @ Mon Jul 20 11:38:27 UTC 2026
// 重构日志: 67dc0b45
// 重构日志: 58f06276
// 重构日志: ab0e80b4
// 同步 ID: 90707e20 @ Tue Jul 21 16:13:43 UTC 2026
// 同步 ID: f8df0a72 @ Wed Jul 22 10:08:31 UTC 2026
// 重构日志: 2e3c8ba9
// 重构日志: 13ad0a1e
// 重构日志: 22d2a118
// 同步 ID: 87f5bf23 @ Thu Jul 23 08:33:33 UTC 2026
// 重构日志: 38aee69e
// 同步 ID: 2832150e @ Sat Jul 25 03:59:56 UTC 2026
// 同步 ID: 0a360d53 @ Sat Jul 25 07:19:30 UTC 2026
// 重构日志: 4afd35fc
// 同步 ID: 7ed31492 @ Sat Jul 25 11:15:42 UTC 2026
// 重构日志: 1035eab5
// 同步 ID: bb478093 @ Sun Jul 26 09:53:28 UTC 2026
// 重构日志: 6dbeb633
// 同步 ID: becdb174 @ Tue Jul 28 13:00:49 UTC 2026
// 重构日志: 93846f80
// 同步 ID: 446cbc47 @ Wed Jul 29 07:39:01 UTC 2026
